// Jest Snapshot v1, https://goo.gl/fbAQLP

exports[`Renders Step1 Correctly 1`] = `
<DocumentFragment>
  <div>
    <button
      class="MuiButtonBase-root MuiButton-root MuiButton-contained makeStyles-button-1 MuiButton-containedPrimary"
      tabindex="0"
      type="button"
    >
      <span
        class="MuiButton-label"
      >
        Add Manually
      </span>
      <span
        class="MuiTouchRipple-root"
      />
    </button>
    <button
      class="MuiButtonBase-root MuiButton-root MuiButton-contained makeStyles-button-1 MuiButton-containedPrimary"
      tabindex="0"
      type="button"
    >
      <span
        class="MuiButton-label"
      >
        Upload CSV
      </span>
      <span
        class="MuiTouchRipple-root"
      />
    </button>
    <input
      hidden=""
      type="file"
    />
  </div>
</DocumentFragment>
`;
